   Compiling xt-stcar v0.1.0 (/Users/yuhaojin/Documents/XT-STCAR/crates/app)
    Finished `test` profile [unoptimized + debuginfo] target(s) in 0.33s
     Running unittests src/lib.rs (target/debug/deps/xt_stcar-d385d58ddc4ac33f)

running 3 tests
test ort_backend::tests::deadline_does_not_cancel_a_completed_operation ... ok
test ort_backend::tests::provenance_binds_digest_and_rejects_non_end_to_end_or_raw_heads ... ok
test ort_backend::tests::deadline_requests_cancellation_and_rejects_late_results ... ok

test result: ok. 3 passed; 0 failed; 0 ignored; 0 measured; 0 filtered out; finished in 0.02s

     Running unittests src/main.rs (target/debug/deps/xt_stcar-0759081ee1a7115a)

running 0 tests

test result: ok. 0 passed; 0 failed; 0 ignored; 0 measured; 0 filtered out; finished in 0.00s

     Running tests/cli.rs (target/debug/deps/cli-5638c6920714dc21)

running 11 tests
test preprocess_writes_little_endian_rgb_chw_and_plain_transform ... ok
test output_collisions_do_not_overwrite_inputs ... ok
test native_is_the_default_and_python_requires_explicit_reference_selection ... ok
test replay_maps_coordinates_and_filters_equal_threshold ... ok
test output_hard_links_are_replaced_without_modifying_the_input_inode ... ok
test self_check_explicitly_reports_synthetic_data ... ok
test reference_worker_receives_separate_literal_arguments_and_reports_diagnostics ... ok
test malformed_cli_config_image_and_tensor_fail_explicitly ... ok
test invalid_timeouts_and_missing_interpreter_fail ... ok
test failed_worker_cannot_supply_a_successful_tensor ... ok
test timeout_kills_and_reaps_worker_and_cleans_temporary_files ... ok

test result: ok. 11 passed; 0 failed; 0 ignored; 0 measured; 0 filtered out; finished in 0.87s

     Running tests/native_runtime.rs (target/debug/deps/native_runtime-4d3f278db4b9926a)

running 1 test
test native_session_is_reused_and_deadlines_cancel_model_loading ... ignored, requires an explicit real ONNX model, validator provenance, and standard ORT C library

test result: ok. 0 passed; 0 failed; 1 ignored; 0 measured; 0 filtered out; finished in 0.00s

     Running tests/static_io.rs (target/debug/deps/static_io-4125539f9e6634d3)

running 6 tests
test output_fifos_are_preserved_and_invalid_transform_does_not_replace_tensor ... ok
test successful_worker_cannot_hang_output_reading_with_a_fifo_and_temp_files_are_cleaned ... ok
test configured_static_byte_limits_reject_oversized_files_and_accept_exact_small_limit ... ok
test all_static_cli_input_kinds_reject_fifos_before_reading_or_loading_a_runtime ... ok
test unset_path_requires_explicit_interpreter_but_empty_path_keeps_cwd_lookup ... ok
test explicit_and_path_interpreters_are_protected_without_breaking_default_resolution ... ok

test result: ok. 6 passed; 0 failed; 0 ignored; 0 measured; 0 filtered out; finished in 2.07s

     Running unittests src/lib.rs (target/debug/deps/xt_stcar_device_io-15f159a96a5f887d)

running 0 tests

test result: ok. 0 passed; 0 failed; 0 ignored; 0 measured; 0 filtered out; finished in 0.00s

     Running tests/pty.rs (target/debug/deps/pty-07babd4d1666f566)

running 3 tests
test write_timeout_latches_and_regular_files_are_not_serial_devices ... ok
test dropped_port_releases_exclusive_and_restores_termios ... ok
test configured_pty_roundtrips_binary_and_timeout_is_bounded ... ok

test result: ok. 3 passed; 0 failed; 0 ignored; 0 measured; 0 filtered out; finished in 0.02s

     Running unittests src/lib.rs (target/debug/deps/xt_stcar_robot_core-e5f28341960b69e1)

running 0 tests

test result: ok. 0 passed; 0 failed; 0 ignored; 0 measured; 0 filtered out; finished in 0.00s

     Running tests/calibrated_chassis.rs (target/debug/deps/calibrated_chassis-1f489d70d4a04654)

running 8 tests
test nonlinear_points_interpolate_in_physical_units ... ok
test reversed_pwm_directions_are_explicit_and_accepted ... ok
test out_of_table_values_and_nonfinite_commands_are_rejected_without_clipping ... ok
test stop_and_zero_use_explicit_neutrals_without_reusing_a_previous_turn ... ok
test reverse_needs_a_separate_negative_table_and_keeps_signed_curvature ... ok
test pwm_envelopes_are_distinct_from_protocol_limits ... ok
test config_rejects_live_claims_unknown_fields_and_implicit_defaults ... ok
test invalid_tables_are_rejected_at_construction ... ok

test result: ok. 8 passed; 0 failed; 0 ignored; 0 measured; 0 filtered out; finished in 0.00s

     Running tests/n10.rs (target/debug/deps/n10-2956be9d2c7511aa)

running 8 tests
test golden_packet_preserves_byte_order_units_intensities_and_wrap ... ok
test configuration_is_explicit_and_strict ... ok
test stale_fragments_expire_at_boundary_even_without_new_bytes ... ok
test missing_out_of_range_and_zero_returns_keep_their_beam_slots ... ok
test unusable_packets_never_become_fresh_sensor_samples ... ok
test noise_bad_checksum_false_headers_and_wrong_lengths_resynchronize ... ok
test every_fragment_boundary_and_glued_packets_keep_original_receive_times ... ok
test invalid_calls_do_not_mutate_state_and_noise_memory_is_bounded ... ok

test result: ok. 8 passed; 0 failed; 0 ignored; 0 measured; 0 filtered out; finished in 0.01s

     Running tests/protocol.rs (target/debug/deps/protocol-7745ad55939a137f)

running 6 tests
test factory_golden_packet_and_profiles_do_not_share_units ... ok
test calibration_and_frame_are_explicit ... ok
test stale_partial_frames_skew_and_backward_time_are_rejected ... ok
test partial_writes_and_interrupts_complete_packet_but_error_latches ... ok
test noise_checksum_and_missing_components_never_refresh_a_sample ... ok
test every_split_and_concatenation_preserves_units_and_orientation ... ok

test result: ok. 6 passed; 0 failed; 0 ignored; 0 measured; 0 filtered out; finished in 0.00s

     Running tests/safety.rs (target/debug/deps/safety-2dcd62b8f0293591)

running 12 tests
test config_is_explicit_finite_and_simulation_only ... ok
test arming_and_starting_require_explicit_readiness ... ok
test backward_event_time_faults_without_backward_output_time ... ok
test late_command_cannot_erase_its_own_expiry ... ok
test estop_latches_until_release_and_explicit_reset ... ok
test sample_replay_is_deterministic_and_offline ... ok
test deadman_release_stops_immediately ... ok
test missing_required_sensor_prevents_arm ... ok
test each_keepalive_expires_and_late_input_remains_stopped ... ok
test timeout_boundary_and_late_heartbeat_cannot_restore_motion ... ok
test sensor_frames_stamps_and_geometry_are_validated ... ok
test invalid_or_excessive_motion_is_rejected_instead_of_clamped ... ok

test result: ok. 12 passed; 0 failed; 0 ignored; 0 measured; 0 filtered out; finished in 0.00s

     Running tests/sensor_geometry.rs (target/debug/deps/sensor_geometry-c15a357df3e2a63c)

running 3 tests
test unusable_geometry_faults_a_running_controller_and_latches_stop ... ok
test negative_n10_angles_across_zero_and_single_beams_remain_valid ... ok
test finite_lidar_fields_cannot_hide_nonfinite_beam_geometry ... ok

test result: ok. 3 passed; 0 failed; 0 ignored; 0 measured; 0 filtered out; finished in 0.00s

     Running unittests src/lib.rs (target/debug/deps/xt_stcar_robot_runner-defdc47bf5e82b4c)

running 0 tests

test result: ok. 0 passed; 0 failed; 0 ignored; 0 measured; 0 filtered out; finished in 0.00s

     Running unittests src/main.rs (target/debug/deps/xt_stcar_robot-b3c922505de88888)

running 1 test
test tests::an_incomplete_or_unstopped_log_is_not_publishable_on_error ... ok

test result: ok. 1 passed; 0 failed; 0 ignored; 0 measured; 0 filtered out; finished in 0.00s

     Running tests/calibration_replay.rs (target/debug/deps/calibration_replay-d98d33029e4ac90d)

running 5 tests
test output_cannot_overwrite_its_calibration ... ok
test output_symlink_cannot_overwrite_its_calibration ... ok
test physical_units_produce_only_pwm_previews_and_eof_restores_neutral ... ok
test mapping_failure_commits_a_complete_latched_stop_without_recording_drive ... ok
test invalid_calibration_preserves_existing_output_and_input_files ... ok

test result: ok. 5 passed; 0 failed; 0 ignored; 0 measured; 0 filtered out; finished in 0.52s

     Running tests/capture.rs (target/debug/deps/capture-6ea17ea271f6adfb)

running 5 tests
test default_plan_never_opens_missing_device_or_changes_output ... ok
test invalid_paths_and_config_output_collision_do_not_overwrite_files ... ok
test disconnect_after_capture_started_keeps_previous_log ... ok
test invalid_configuration_preserves_existing_capture ... ok
test execute_captures_binary_and_idle_ticks_on_one_monotonic_clock_without_transmitting ... ok

test result: ok. 5 passed; 0 failed; 0 ignored; 0 measured; 0 filtered out; finished in 1.01s

     Running tests/fifo.rs (target/debug/deps/fifo-9258316ae481891c)

running 3 tests
test checked_static_reader_accepts_exact_limit_and_frame_decoder_reuses_regular_file ... ok
test oversized_static_inputs_are_rejected_before_json_parsing_and_keep_prior_log ... ok
test fifo_event_and_configuration_inputs_fail_without_waiting_or_replacing_logs ... ok

test result: ok. 3 passed; 0 failed; 0 ignored; 0 measured; 0 filtered out; finished in 0.04s

     Running tests/n10_replay.rs (target/debug/deps/n10_replay-3cae3244e2685827)

running 7 tests
test n10_frame_mismatch_is_rejected_before_creating_any_output ... ok
test output_cannot_replace_the_n10_configuration ... ok
test decoded_lidar_cannot_be_mixed_with_raw_n10_even_when_frames_match ... ok
test synthetic_fragmented_n10_replay_preserves_metadata_and_stops_at_exact_timeout ... ok
test n10_config_is_required_and_cannot_silently_apply_to_other_input ... ok
test output_aliases_never_modify_the_n10_configuration_inode ... ok
test malformed_n10_envelopes_preserve_existing_output ... ok

test result: ok. 7 passed; 0 failed; 0 ignored; 0 measured; 0 filtered out; finished in 0.02s

     Running tests/replay.rs (target/debug/deps/replay-5c0a44b2a4c27275)

running 10 tests
test raw_imu_corruption_does_not_refresh_safety_watchdog ... ok
test successful_replay_records_motion_and_always_stops_at_eof ... ok
test multiple_imu_samples_in_one_chunk_are_logged_once ... ok
test timeout_is_a_recorded_fault_and_never_recovered_by_late_heartbeat ... ok
test chassis_preview_is_explicit_and_never_writes_to_hardware ... ok
test hard_linked_output_never_truncates_source_events ... ok
test invalid_config_and_output_input_collision_are_rejected ... ok
test frame_stream_requires_native_runtime_and_monotonic_sequence ... ok
test raw_imu_requires_explicit_config_and_protects_it_from_output ... ok
test malformed_or_regressing_input_cannot_truncate_existing_logs ... ok

test result: ok. 10 passed; 0 failed; 0 ignored; 0 measured; 0 filtered out; finished in 0.01s

     Running unittests src/lib.rs (target/debug/deps/xt_stcar_vision-2717b6d4ab67ba46)

running 9 tests
test tests::odd_padding_and_invalid_dimensions ... ok
test tests::reject_wrong_layout_malformed_output_and_transform ... ok
test tests::clip_boxes_and_drop_padding_only ... ok
test tests::ties_to_even_and_asymmetric_padding ... ok
test tests::reject_invalid_scores_and_confident_boxes ... ok
test tests::confidence_is_strictly_greater_than_threshold ... ok
test tests::unletterbox_threshold_and_no_extra_nms ... ok
test tests::resize_uses_half_pixel_sampling_and_rgb_planes ... ok
test tests::letterbox_rgb_normalization_and_padding ... ok

test result: ok. 9 passed; 0 failed; 0 ignored; 0 measured; 0 filtered out; finished in 0.03s

   Doc-tests xt_stcar

running 0 tests

test result: ok. 0 passed; 0 failed; 0 ignored; 0 measured; 0 filtered out; finished in 0.00s

   Doc-tests xt_stcar_device_io

running 0 tests

test result: ok. 0 passed; 0 failed; 0 ignored; 0 measured; 0 filtered out; finished in 0.00s

   Doc-tests xt_stcar_robot_core

running 0 tests

test result: ok. 0 passed; 0 failed; 0 ignored; 0 measured; 0 filtered out; finished in 0.00s

   Doc-tests xt_stcar_robot_runner

running 0 tests

test result: ok. 0 passed; 0 failed; 0 ignored; 0 measured; 0 filtered out; finished in 0.00s

   Doc-tests xt_stcar_vision

running 0 tests

test result: ok. 0 passed; 0 failed; 0 ignored; 0 measured; 0 filtered out; finished in 0.00s

    Checking xt-stcar v0.1.0 (/Users/yuhaojin/Documents/XT-STCAR/crates/app)
    Finished `dev` profile [unoptimized + debuginfo] target(s) in 0.14s
   Compiling xt-stcar v0.1.0 (/Users/yuhaojin/Documents/XT-STCAR/crates/app)
warning: linker stderr: ignoring deprecated linker optimization setting '1'
  |
  = note: `#[warn(linker_messages)]` on by default

warning: `xt-stcar-robot-runner` (bin "xt-stcar-robot") generated 1 warning
warning: `xt-stcar` (bin "xt-stcar") generated 1 warning (1 duplicate)
    Finished `release` profile [optimized] target(s) in 3.06s
{
  "elf_class": 64,
  "endianness": "little",
  "machine": 243,
  "architecture": "riscv64",
  "elf_type": 3,
  "entry": 349320,
  "flags": 5,
  "rvc": true,
  "abi": "lp64d",
  "pie": true,
  "loader": "/lib/ld-linux-riscv64-lp64d.so.1",
  "needed": [
    "libc.so.6"
  ],
  "rpath": [],
  "glibc_versions": [
    "GLIBC_2.27",
    "GLIBC_2.28",
    "GLIBC_2.29",
    "GLIBC_2.30",
    "GLIBC_2.32",
    "GLIBC_2.33",
    "GLIBC_2.34"
  ],
  "maximum_glibc": "2.34",
  "version_requirements": [
    {
      "library": "libc.so.6",
      "version": "GLIBC_2.27"
    },
    {
      "library": "libc.so.6",
      "version": "GLIBC_2.28"
    },
    {
      "library": "libc.so.6",
      "version": "GLIBC_2.29"
    },
    {
      "library": "libc.so.6",
      "version": "GLIBC_2.30"
    },
    {
      "library": "libc.so.6",
      "version": "GLIBC_2.32"
    },
    {
      "library": "libc.so.6",
      "version": "GLIBC_2.33"
    },
    {
      "library": "libc.so.6",
      "version": "GLIBC_2.34"
    }
  ],
  "versioned_undefined_symbols": [
    {
      "symbol": "__cxa_thread_atexit_impl",
      "library": "libc.so.6",
      "version": "GLIBC_2.27"
    },
    {
      "symbol": "__errno_location",
      "library": "libc.so.6",
      "version": "GLIBC_2.27"
    },
    {
      "symbol": "__libc_start_main",
      "library": "libc.so.6",
      "version": "GLIBC_2.34"
    },
    {
      "symbol": "__xpg_strerror_r",
      "library": "libc.so.6",
      "version": "GLIBC_2.27"
    },
    {
      "symbol": "_exit",
      "library": "libc.so.6",
      "version": "GLIBC_2.27"
    },
    {
      "symbol": "abort",
      "library": "libc.so.6",
      "version": "GLIBC_2.27"
    },
    {
      "symbol": "bcmp",
      "library": "libc.so.6",
      "version": "GLIBC_2.27"
    },
    {
      "symbol": "calloc",
      "library": "libc.so.6",
      "version": "GLIBC_2.27"
    },
    {
      "symbol": "chdir",
      "library": "libc.so.6",
      "version": "GLIBC_2.27"
    },
    {
      "symbol": "chroot",
      "library": "libc.so.6",
      "version": "GLIBC_2.27"
    },
    {
      "symbol": "clock_gettime",
      "library": "libc.so.6",
      "version": "GLIBC_2.27"
    },
    {
      "symbol": "clock_nanosleep",
      "library": "libc.so.6",
      "version": "GLIBC_2.27"
    },
    {
      "symbol": "close",
      "library": "libc.so.6",
      "version": "GLIBC_2.27"
    },
    {
      "symbol": "closedir",
      "library": "libc.so.6",
      "version": "GLIBC_2.27"
    },
    {
      "symbol": "dirfd",
      "library": "libc.so.6",
      "version": "GLIBC_2.27"
    },
    {
      "symbol": "dl_iterate_phdr",
      "library": "libc.so.6",
      "version": "GLIBC_2.27"
    },
    {
      "symbol": "dladdr",
      "library": "libc.so.6",
      "version": "GLIBC_2.34"
    },
    {
      "symbol": "dlclose",
      "library": "libc.so.6",
      "version": "GLIBC_2.34"
    },
    {
      "symbol": "dlerror",
      "library": "libc.so.6",
      "version": "GLIBC_2.34"
    },
    {
      "symbol": "dlopen",
      "library": "libc.so.6",
      "version": "GLIBC_2.34"
    },
    {
      "symbol": "dlsym",
      "library": "libc.so.6",
      "version": "GLIBC_2.34"
    },
    {
      "symbol": "dup",
      "library": "libc.so.6",
      "version": "GLIBC_2.27"
    },
    {
      "symbol": "dup2",
      "library": "libc.so.6",
      "version": "GLIBC_2.27"
    },
    {
      "symbol": "environ",
      "library": "libc.so.6",
      "version": "GLIBC_2.27"
    },
    {
      "symbol": "execvp",
      "library": "libc.so.6",
      "version": "GLIBC_2.27"
    },
    {
      "symbol": "fcntl",
      "library": "libc.so.6",
      "version": "GLIBC_2.27"
    },
    {
      "symbol": "fdopendir",
      "library": "libc.so.6",
      "version": "GLIBC_2.27"
    },
    {
      "symbol": "fflush",
      "library": "libc.so.6",
      "version": "GLIBC_2.27"
    },
    {
      "symbol": "fork",
      "library": "libc.so.6",
      "version": "GLIBC_2.27"
    },
    {
      "symbol": "fprintf",
      "library": "libc.so.6",
      "version": "GLIBC_2.27"
    },
    {
      "symbol": "free",
      "library": "libc.so.6",
      "version": "GLIBC_2.27"
    },
    {
      "symbol": "fstat64",
      "library": "libc.so.6",
      "version": "GLIBC_2.33"
    },
    {
      "symbol": "fwrite",
      "library": "libc.so.6",
      "version": "GLIBC_2.27"
    },
    {
      "symbol": "getauxval",
      "library": "libc.so.6",
      "version": "GLIBC_2.27"
    },
    {
      "symbol": "getcwd",
      "library": "libc.so.6",
      "version": "GLIBC_2.27"
    },
    {
      "symbol": "getenv",
      "library": "libc.so.6",
      "version": "GLIBC_2.27"
    },
    {
      "symbol": "getpid",
      "library": "libc.so.6",
      "version": "GLIBC_2.27"
    },
    {
      "symbol": "getrandom",
      "library": "libc.so.6",
      "version": "GLIBC_2.27"
    },
    {
      "symbol": "gettid",
      "library": "libc.so.6",
      "version": "GLIBC_2.30"
    },
    {
      "symbol": "gnu_get_libc_version",
      "library": "libc.so.6",
      "version": "GLIBC_2.27"
    },
    {
      "symbol": "ioctl",
      "library": "libc.so.6",
      "version": "GLIBC_2.27"
    },
    {
      "symbol": "kill",
      "library": "libc.so.6",
      "version": "GLIBC_2.27"
    },
    {
      "symbol": "linkat",
      "library": "libc.so.6",
      "version": "GLIBC_2.27"
    },
    {
      "symbol": "lseek64",
      "library": "libc.so.6",
      "version": "GLIBC_2.27"
    },
    {
      "symbol": "lstat64",
      "library": "libc.so.6",
      "version": "GLIBC_2.33"
    },
    {
      "symbol": "malloc",
      "library": "libc.so.6",
      "version": "GLIBC_2.27"
    },
    {
      "symbol": "memcmp",
      "library": "libc.so.6",
      "version": "GLIBC_2.27"
    },
    {
      "symbol": "memcpy",
      "library": "libc.so.6",
      "version": "GLIBC_2.27"
    },
    {
      "symbol": "memmove",
      "library": "libc.so.6",
      "version": "GLIBC_2.27"
    },
    {
      "symbol": "memset",
      "library": "libc.so.6",
      "version": "GLIBC_2.27"
    },
    {
      "symbol": "mkdir",
      "library": "libc.so.6",
      "version": "GLIBC_2.27"
    },
    {
      "symbol": "mmap64",
      "library": "libc.so.6",
      "version": "GLIBC_2.27"
    },
    {
      "symbol": "mprotect",
      "library": "libc.so.6",
      "version": "GLIBC_2.27"
    },
    {
      "symbol": "munmap",
      "library": "libc.so.6",
      "version": "GLIBC_2.27"
    },
    {
      "symbol": "open64",
      "library": "libc.so.6",
      "version": "GLIBC_2.27"
    },
    {
      "symbol": "openat64",
      "library": "libc.so.6",
      "version": "GLIBC_2.27"
    },
    {
      "symbol": "pause",
      "library": "libc.so.6",
      "version": "GLIBC_2.27"
    },
    {
      "symbol": "pipe2",
      "library": "libc.so.6",
      "version": "GLIBC_2.27"
    },
    {
      "symbol": "poll",
      "library": "libc.so.6",
      "version": "GLIBC_2.27"
    },
    {
      "symbol": "posix_memalign",
      "library": "libc.so.6",
      "version": "GLIBC_2.27"
    },
    {
      "symbol": "posix_spawn_file_actions_addchdir_np",
      "library": "libc.so.6",
      "version": "GLIBC_2.29"
    },
    {
      "symbol": "posix_spawn_file_actions_adddup2",
      "library": "libc.so.6",
      "version": "GLIBC_2.27"
    },
    {
      "symbol": "posix_spawn_file_actions_destroy",
      "library": "libc.so.6",
      "version": "GLIBC_2.27"
    },
    {
      "symbol": "posix_spawn_file_actions_init",
      "library": "libc.so.6",
      "version": "GLIBC_2.27"
    },
    {
      "symbol": "posix_spawnattr_destroy",
      "library": "libc.so.6",
      "version": "GLIBC_2.27"
    },
    {
      "symbol": "posix_spawnattr_init",
      "library": "libc.so.6",
      "version": "GLIBC_2.27"
    },
    {
      "symbol": "posix_spawnattr_setflags",
      "library": "libc.so.6",
      "version": "GLIBC_2.27"
    },
    {
      "symbol": "posix_spawnattr_setpgroup",
      "library": "libc.so.6",
      "version": "GLIBC_2.27"
    },
    {
      "symbol": "posix_spawnattr_setsigdefault",
      "library": "libc.so.6",
      "version": "GLIBC_2.27"
    },
    {
      "symbol": "posix_spawnp",
      "library": "libc.so.6",
      "version": "GLIBC_2.27"
    },
    {
      "symbol": "pthread_attr_destroy",
      "library": "libc.so.6",
      "version": "GLIBC_2.27"
    },
    {
      "symbol": "pthread_attr_getguardsize",
      "library": "libc.so.6",
      "version": "GLIBC_2.34"
    },
    {
      "symbol": "pthread_attr_getstack",
      "library": "libc.so.6",
      "version": "GLIBC_2.34"
    },
    {
      "symbol": "pthread_attr_init",
      "library": "libc.so.6",
      "version": "GLIBC_2.27"
    },
    {
      "symbol": "pthread_attr_setstacksize",
      "library": "libc.so.6",
      "version": "GLIBC_2.34"
    },
    {
      "symbol": "pthread_create",
      "library": "libc.so.6",
      "version": "GLIBC_2.34"
    },
    {
      "symbol": "pthread_detach",
      "library": "libc.so.6",
      "version": "GLIBC_2.34"
    },
    {
      "symbol": "pthread_getattr_np",
      "library": "libc.so.6",
      "version": "GLIBC_2.32"
    },
    {
      "symbol": "pthread_join",
      "library": "libc.so.6",
      "version": "GLIBC_2.34"
    },
    {
      "symbol": "pthread_key_create",
      "library": "libc.so.6",
      "version": "GLIBC_2.34"
    },
    {
      "symbol": "pthread_key_delete",
      "library": "libc.so.6",
      "version": "GLIBC_2.34"
    },
    {
      "symbol": "pthread_rwlock_rdlock",
      "library": "libc.so.6",
      "version": "GLIBC_2.34"
    },
    {
      "symbol": "pthread_rwlock_unlock",
      "library": "libc.so.6",
      "version": "GLIBC_2.34"
    },
    {
      "symbol": "pthread_rwlock_wrlock",
      "library": "libc.so.6",
      "version": "GLIBC_2.34"
    },
    {
      "symbol": "pthread_self",
      "library": "libc.so.6",
      "version": "GLIBC_2.27"
    },
    {
      "symbol": "pthread_setname_np",
      "library": "libc.so.6",
      "version": "GLIBC_2.34"
    },
    {
      "symbol": "pthread_setspecific",
      "library": "libc.so.6",
      "version": "GLIBC_2.34"
    },
    {
      "symbol": "read",
      "library": "libc.so.6",
      "version": "GLIBC_2.27"
    },
    {
      "symbol": "readdir64",
      "library": "libc.so.6",
      "version": "GLIBC_2.27"
    },
    {
      "symbol": "readlink",
      "library": "libc.so.6",
      "version": "GLIBC_2.27"
    },
    {
      "symbol": "readv",
      "library": "libc.so.6",
      "version": "GLIBC_2.27"
    },
    {
      "symbol": "realloc",
      "library": "libc.so.6",
      "version": "GLIBC_2.27"
    },
    {
      "symbol": "realpath",
      "library": "libc.so.6",
      "version": "GLIBC_2.27"
    },
    {
      "symbol": "recv",
      "library": "libc.so.6",
      "version": "GLIBC_2.27"
    },
    {
      "symbol": "recvmsg",
      "library": "libc.so.6",
      "version": "GLIBC_2.27"
    },
    {
      "symbol": "sched_yield",
      "library": "libc.so.6",
      "version": "GLIBC_2.27"
    },
    {
      "symbol": "sendmsg",
      "library": "libc.so.6",
      "version": "GLIBC_2.27"
    },
    {
      "symbol": "setgid",
      "library": "libc.so.6",
      "version": "GLIBC_2.27"
    },
    {
      "symbol": "setgroups",
      "library": "libc.so.6",
      "version": "GLIBC_2.27"
    },
    {
      "symbol": "setpgid",
      "library": "libc.so.6",
      "version": "GLIBC_2.27"
    },
    {
      "symbol": "setsid",
      "library": "libc.so.6",
      "version": "GLIBC_2.27"
    },
    {
      "symbol": "setuid",
      "library": "libc.so.6",
      "version": "GLIBC_2.27"
    },
    {
      "symbol": "sigaction",
      "library": "libc.so.6",
      "version": "GLIBC_2.27"
    },
    {
      "symbol": "sigaddset",
      "library": "libc.so.6",
      "version": "GLIBC_2.27"
    },
    {
      "symbol": "sigaltstack",
      "library": "libc.so.6",
      "version": "GLIBC_2.27"
    },
    {
      "symbol": "sigemptyset",
      "library": "libc.so.6",
      "version": "GLIBC_2.27"
    },
    {
      "symbol": "signal",
      "library": "libc.so.6",
      "version": "GLIBC_2.27"
    },
    {
      "symbol": "snprintf",
      "library": "libc.so.6",
      "version": "GLIBC_2.27"
    },
    {
      "symbol": "socketpair",
      "library": "libc.so.6",
      "version": "GLIBC_2.27"
    },
    {
      "symbol": "stat64",
      "library": "libc.so.6",
      "version": "GLIBC_2.33"
    },
    {
      "symbol": "statx",
      "library": "libc.so.6",
      "version": "GLIBC_2.28"
    },
    {
      "symbol": "stderr",
      "library": "libc.so.6",
      "version": "GLIBC_2.27"
    },
    {
      "symbol": "strlen",
      "library": "libc.so.6",
      "version": "GLIBC_2.27"
    },
    {
      "symbol": "syscall",
      "library": "libc.so.6",
      "version": "GLIBC_2.27"
    },
    {
      "symbol": "sysconf",
      "library": "libc.so.6",
      "version": "GLIBC_2.27"
    },
    {
      "symbol": "unlink",
      "library": "libc.so.6",
      "version": "GLIBC_2.27"
    },
    {
      "symbol": "unlinkat",
      "library": "libc.so.6",
      "version": "GLIBC_2.27"
    },
    {
      "symbol": "waitid",
      "library": "libc.so.6",
      "version": "GLIBC_2.27"
    },
    {
      "symbol": "waitpid",
      "library": "libc.so.6",
      "version": "GLIBC_2.27"
    },
    {
      "symbol": "write",
      "library": "libc.so.6",
      "version": "GLIBC_2.27"
    },
    {
      "symbol": "writev",
      "library": "libc.so.6",
      "version": "GLIBC_2.27"
    }
  ],
  "schema_version": 1,
  "glibc_baseline": "2.38",
  "file": "xt-stcar",
  "sha256": "dee5340b31c8d1f49cd111f52a6e27962dc56a25c201be247d32f9a472d39a9e",
  "size_bytes": 1216656,
  "passed": true,
  "errors": []
}
{
  "elf_class": 64,
  "endianness": "little",
  "machine": 243,
  "architecture": "riscv64",
  "elf_type": 3,
  "entry": 407124,
  "flags": 5,
  "rvc": true,
  "abi": "lp64d",
  "pie": true,
  "loader": "/lib/ld-linux-riscv64-lp64d.so.1",
  "needed": [
    "libm.so.6",
    "libc.so.6"
  ],
  "rpath": [],
  "glibc_versions": [
    "GLIBC_2.27",
    "GLIBC_2.28",
    "GLIBC_2.30",
    "GLIBC_2.32",
    "GLIBC_2.33",
    "GLIBC_2.34"
  ],
  "maximum_glibc": "2.34",
  "version_requirements": [
    {
      "library": "libc.so.6",
      "version": "GLIBC_2.27"
    },
    {
      "library": "libc.so.6",
      "version": "GLIBC_2.28"
    },
    {
      "library": "libc.so.6",
      "version": "GLIBC_2.30"
    },
    {
      "library": "libc.so.6",
      "version": "GLIBC_2.32"
    },
    {
      "library": "libc.so.6",
      "version": "GLIBC_2.33"
    },
    {
      "library": "libc.so.6",
      "version": "GLIBC_2.34"
    },
    {
      "library": "libm.so.6",
      "version": "GLIBC_2.27"
    }
  ],
  "versioned_undefined_symbols": [
    {
      "symbol": "__cxa_thread_atexit_impl",
      "library": "libc.so.6",
      "version": "GLIBC_2.27"
    },
    {
      "symbol": "__errno_location",
      "library": "libc.so.6",
      "version": "GLIBC_2.27"
    },
    {
      "symbol": "__libc_start_main",
      "library": "libc.so.6",
      "version": "GLIBC_2.34"
    },
    {
      "symbol": "__xpg_strerror_r",
      "library": "libc.so.6",
      "version": "GLIBC_2.27"
    },
    {
      "symbol": "abort",
      "library": "libc.so.6",
      "version": "GLIBC_2.27"
    },
    {
      "symbol": "bcmp",
      "library": "libc.so.6",
      "version": "GLIBC_2.27"
    },
    {
      "symbol": "calloc",
      "library": "libc.so.6",
      "version": "GLIBC_2.27"
    },
    {
      "symbol": "clock_gettime",
      "library": "libc.so.6",
      "version": "GLIBC_2.27"
    },
    {
      "symbol": "close",
      "library": "libc.so.6",
      "version": "GLIBC_2.27"
    },
    {
      "symbol": "dl_iterate_phdr",
      "library": "libc.so.6",
      "version": "GLIBC_2.27"
    },
    {
      "symbol": "dladdr",
      "library": "libc.so.6",
      "version": "GLIBC_2.34"
    },
    {
      "symbol": "dlclose",
      "library": "libc.so.6",
      "version": "GLIBC_2.34"
    },
    {
      "symbol": "dlerror",
      "library": "libc.so.6",
      "version": "GLIBC_2.34"
    },
    {
      "symbol": "dlopen",
      "library": "libc.so.6",
      "version": "GLIBC_2.34"
    },
    {
      "symbol": "dlsym",
      "library": "libc.so.6",
      "version": "GLIBC_2.34"
    },
    {
      "symbol": "dup",
      "library": "libc.so.6",
      "version": "GLIBC_2.27"
    },
    {
      "symbol": "fcntl",
      "library": "libc.so.6",
      "version": "GLIBC_2.27"
    },
    {
      "symbol": "fflush",
      "library": "libc.so.6",
      "version": "GLIBC_2.27"
    },
    {
      "symbol": "fprintf",
      "library": "libc.so.6",
      "version": "GLIBC_2.27"
    },
    {
      "symbol": "free",
      "library": "libc.so.6",
      "version": "GLIBC_2.27"
    },
    {
      "symbol": "fstat64",
      "library": "libc.so.6",
      "version": "GLIBC_2.33"
    },
    {
      "symbol": "fwrite",
      "library": "libc.so.6",
      "version": "GLIBC_2.27"
    },
    {
      "symbol": "getauxval",
      "library": "libc.so.6",
      "version": "GLIBC_2.27"
    },
    {
      "symbol": "getcwd",
      "library": "libc.so.6",
      "version": "GLIBC_2.27"
    },
    {
      "symbol": "getenv",
      "library": "libc.so.6",
      "version": "GLIBC_2.27"
    },
    {
      "symbol": "getrandom",
      "library": "libc.so.6",
      "version": "GLIBC_2.27"
    },
    {
      "symbol": "gettid",
      "library": "libc.so.6",
      "version": "GLIBC_2.30"
    },
    {
      "symbol": "linkat",
      "library": "libc.so.6",
      "version": "GLIBC_2.27"
    },
    {
      "symbol": "lseek64",
      "library": "libc.so.6",
      "version": "GLIBC_2.27"
    },
    {
      "symbol": "malloc",
      "library": "libc.so.6",
      "version": "GLIBC_2.27"
    },
    {
      "symbol": "memcmp",
      "library": "libc.so.6",
      "version": "GLIBC_2.27"
    },
    {
      "symbol": "memcpy",
      "library": "libc.so.6",
      "version": "GLIBC_2.27"
    },
    {
      "symbol": "memmove",
      "library": "libc.so.6",
      "version": "GLIBC_2.27"
    },
    {
      "symbol": "memset",
      "library": "libc.so.6",
      "version": "GLIBC_2.27"
    },
    {
      "symbol": "mmap64",
      "library": "libc.so.6",
      "version": "GLIBC_2.27"
    },
    {
      "symbol": "mprotect",
      "library": "libc.so.6",
      "version": "GLIBC_2.27"
    },
    {
      "symbol": "munmap",
      "library": "libc.so.6",
      "version": "GLIBC_2.27"
    },
    {
      "symbol": "open64",
      "library": "libc.so.6",
      "version": "GLIBC_2.27"
    },
    {
      "symbol": "pause",
      "library": "libc.so.6",
      "version": "GLIBC_2.27"
    },
    {
      "symbol": "poll",
      "library": "libc.so.6",
      "version": "GLIBC_2.27"
    },
    {
      "symbol": "posix_memalign",
      "library": "libc.so.6",
      "version": "GLIBC_2.27"
    },
    {
      "symbol": "pthread_attr_destroy",
      "library": "libc.so.6",
      "version": "GLIBC_2.27"
    },
    {
      "symbol": "pthread_attr_getguardsize",
      "library": "libc.so.6",
      "version": "GLIBC_2.34"
    },
    {
      "symbol": "pthread_attr_getstack",
      "library": "libc.so.6",
      "version": "GLIBC_2.34"
    },
    {
      "symbol": "pthread_attr_init",
      "library": "libc.so.6",
      "version": "GLIBC_2.27"
    },
    {
      "symbol": "pthread_attr_setstacksize",
      "library": "libc.so.6",
      "version": "GLIBC_2.34"
    },
    {
      "symbol": "pthread_create",
      "library": "libc.so.6",
      "version": "GLIBC_2.34"
    },
    {
      "symbol": "pthread_detach",
      "library": "libc.so.6",
      "version": "GLIBC_2.34"
    },
    {
      "symbol": "pthread_getattr_np",
      "library": "libc.so.6",
      "version": "GLIBC_2.32"
    },
    {
      "symbol": "pthread_join",
      "library": "libc.so.6",
      "version": "GLIBC_2.34"
    },
    {
      "symbol": "pthread_key_create",
      "library": "libc.so.6",
      "version": "GLIBC_2.34"
    },
    {
      "symbol": "pthread_key_delete",
      "library": "libc.so.6",
      "version": "GLIBC_2.34"
    },
    {
      "symbol": "pthread_rwlock_rdlock",
      "library": "libc.so.6",
      "version": "GLIBC_2.34"
    },
    {
      "symbol": "pthread_rwlock_unlock",
      "library": "libc.so.6",
      "version": "GLIBC_2.34"
    },
    {
      "symbol": "pthread_rwlock_wrlock",
      "library": "libc.so.6",
      "version": "GLIBC_2.34"
    },
    {
      "symbol": "pthread_self",
      "library": "libc.so.6",
      "version": "GLIBC_2.27"
    },
    {
      "symbol": "pthread_setname_np",
      "library": "libc.so.6",
      "version": "GLIBC_2.34"
    },
    {
      "symbol": "pthread_setspecific",
      "library": "libc.so.6",
      "version": "GLIBC_2.34"
    },
    {
      "symbol": "read",
      "library": "libc.so.6",
      "version": "GLIBC_2.27"
    },
    {
      "symbol": "readlink",
      "library": "libc.so.6",
      "version": "GLIBC_2.27"
    },
    {
      "symbol": "readv",
      "library": "libc.so.6",
      "version": "GLIBC_2.27"
    },
    {
      "symbol": "realloc",
      "library": "libc.so.6",
      "version": "GLIBC_2.27"
    },
    {
      "symbol": "realpath",
      "library": "libc.so.6",
      "version": "GLIBC_2.27"
    },
    {
      "symbol": "sched_yield",
      "library": "libc.so.6",
      "version": "GLIBC_2.27"
    },
    {
      "symbol": "sigaction",
      "library": "libc.so.6",
      "version": "GLIBC_2.27"
    },
    {
      "symbol": "sigaltstack",
      "library": "libc.so.6",
      "version": "GLIBC_2.27"
    },
    {
      "symbol": "signal",
      "library": "libc.so.6",
      "version": "GLIBC_2.27"
    },
    {
      "symbol": "snprintf",
      "library": "libc.so.6",
      "version": "GLIBC_2.27"
    },
    {
      "symbol": "stat64",
      "library": "libc.so.6",
      "version": "GLIBC_2.33"
    },
    {
      "symbol": "statx",
      "library": "libc.so.6",
      "version": "GLIBC_2.28"
    },
    {
      "symbol": "stderr",
      "library": "libc.so.6",
      "version": "GLIBC_2.27"
    },
    {
      "symbol": "strlen",
      "library": "libc.so.6",
      "version": "GLIBC_2.27"
    },
    {
      "symbol": "syscall",
      "library": "libc.so.6",
      "version": "GLIBC_2.27"
    },
    {
      "symbol": "sysconf",
      "library": "libc.so.6",
      "version": "GLIBC_2.27"
    },
    {
      "symbol": "unlink",
      "library": "libc.so.6",
      "version": "GLIBC_2.27"
    },
    {
      "symbol": "write",
      "library": "libc.so.6",
      "version": "GLIBC_2.27"
    },
    {
      "symbol": "writev",
      "library": "libc.so.6",
      "version": "GLIBC_2.27"
    },
    {
      "symbol": "cos",
      "library": "libm.so.6",
      "version": "GLIBC_2.27"
    },
    {
      "symbol": "sin",
      "library": "libm.so.6",
      "version": "GLIBC_2.27"
    }
  ],
  "schema_version": 1,
  "glibc_baseline": "2.38",
  "file": "xt-stcar-robot",
  "sha256": "382a9d8cc1ac76b940b04e15e623cd70a36d7e0494607f3e5f726cc97355b870",
  "size_bytes": 1470352,
  "passed": true,
  "errors": []
}
Build evidence: /Users/yuhaojin/Documents/XT-STCAR/target/riscv64gc-unknown-linux-gnu/release/xt-stcar.build.json
